Traceback (most recent call last):
  File "C:\Users\ronal\miniconda3\envs\series_de_tiempo\lib\site-packages\jupyter_cache\executors\utils.py", line 58, in single_nb_execution
    executenb(
  File "C:\Users\ronal\miniconda3\envs\series_de_tiempo\lib\site-packages\nbclient\client.py", line 1204, in execute
    return NotebookClient(nb=nb, resources=resources, km=km, **kwargs).execute()
  File "C:\Users\ronal\miniconda3\envs\series_de_tiempo\lib\site-packages\nbclient\util.py", line 84, in wrapped
    return just_run(coro(*args, **kwargs))
  File "C:\Users\ronal\miniconda3\envs\series_de_tiempo\lib\site-packages\nbclient\util.py", line 62, in just_run
    return loop.run_until_complete(coro)
  File "C:\Users\ronal\miniconda3\envs\series_de_tiempo\lib\asyncio\base_events.py", line 647, in run_until_complete
    return future.result()
  File "C:\Users\ronal\miniconda3\envs\series_de_tiempo\lib\site-packages\nbclient\client.py", line 663, in async_execute
    await self.async_execute_cell(
  File "C:\Users\ronal\miniconda3\envs\series_de_tiempo\lib\site-packages\nbclient\client.py", line 965, in async_execute_cell
    await self._check_raise_for_error(cell, cell_index, exec_reply)
  File "C:\Users\ronal\miniconda3\envs\series_de_tiempo\lib\site-packages\nbclient\client.py", line 862, in _check_raise_for_error
    raise CellExecutionError.from_cell_and_msg(cell, exec_reply_content)
nbclient.exceptions.CellExecutionError: An error occurred while executing the following cell:
------------------
# División de los datos
train_ratio = 0.70
val_ratio = 0.15
test_ratio = 0.15

total_data = len(df)
train_size = int(total_data * train_ratio)
val_size = int(total_data * val_ratio)

train = df.iloc[:train_size]
validation = df.iloc[train_size : train_size + val_size]
test = df.iloc[train_size + val_size :]

# Ajuste del modelo SES en TRAIN
model_train = SimpleExpSmoothing(train["Price"]).fit()
train["fitted"] = model_train.fittedvalues

# Rolling Forecast
def rolling_ses_forecast(train_series, forecast_series):
    history = train_series.copy()
    predictions = []
    for t in range(len(forecast_series)):
        model_rolling = SimpleExpSmoothing(history).fit()
        yhat = model_rolling.forecast(1)[0]
        predictions.append(yhat)
        history.loc[forecast_series.index[t]] = forecast_series.iloc[t]
    return pd.Series(predictions, index=forecast_series.index)

validation_pred = rolling_ses_forecast(train["Price"], validation["Price"])
train_val_series = pd.concat([train["Price"], validation["Price"]])
test_pred = rolling_ses_forecast(train_val_series, test["Price"])

# Gráfico de la serie con las predicciones
plt.figure(figsize=(14, 6))
plt.plot(train.index, train["Price"], label="Entrenamiento", color='blue')
plt.plot(validation.index, validation["Price"], label="Validación", color='yellow')
plt.plot(test.index, test["Price"], label="Test", color='green')
plt.plot(validation.index, validation_pred, '--', label="Predicción Validación (Rolling)", color='red')
plt.plot(test.index, test_pred, '--', label="Predicción Test (Rolling)", color='orange')
plt.legend()
plt.title("Predicción vs Datos Reales (SES con Rolling)")
plt.xlabel("Fecha")
plt.ylabel("Precio")
plt.show()

------------------

[1;31m---------------------------------------------------------------------------[0m
[1;31mKeyError[0m                                  Traceback (most recent call last)
File [1;32m~\miniconda3\envs\series_de_tiempo\lib\site-packages\pandas\core\indexes\base.py:3805[0m, in [0;36mIndex.get_loc[1;34m(self, key)[0m
[0;32m   3804[0m [38;5;28;01mtry[39;00m:
[1;32m-> 3805[0m     [38;5;28;01mreturn[39;00m [38;5;28;43mself[39;49m[38;5;241;43m.[39;49m[43m_engine[49m[38;5;241;43m.[39;49m[43mget_loc[49m[43m([49m[43mcasted_key[49m[43m)[49m
[0;32m   3806[0m [38;5;28;01mexcept[39;00m [38;5;167;01mKeyError[39;00m [38;5;28;01mas[39;00m err:

File [1;32mindex.pyx:167[0m, in [0;36mpandas._libs.index.IndexEngine.get_loc[1;34m()[0m

File [1;32mindex.pyx:196[0m, in [0;36mpandas._libs.index.IndexEngine.get_loc[1;34m()[0m

File [1;32mpandas\\_libs\\hashtable_class_helper.pxi:7081[0m, in [0;36mpandas._libs.hashtable.PyObjectHashTable.get_item[1;34m()[0m

File [1;32mpandas\\_libs\\hashtable_class_helper.pxi:7089[0m, in [0;36mpandas._libs.hashtable.PyObjectHashTable.get_item[1;34m()[0m

[1;31mKeyError[0m: 'Price'

The above exception was the direct cause of the following exception:

[1;31mKeyError[0m                                  Traceback (most recent call last)
Cell [1;32mIn[40], line 15[0m
[0;32m     12[0m test [38;5;241m=[39m df[38;5;241m.[39miloc[train_size [38;5;241m+[39m val_size :]
[0;32m     14[0m [38;5;66;03m# Ajuste del modelo SES en TRAIN[39;00m
[1;32m---> 15[0m model_train [38;5;241m=[39m SimpleExpSmoothing([43mtrain[49m[43m[[49m[38;5;124;43m"[39;49m[38;5;124;43mPrice[39;49m[38;5;124;43m"[39;49m[43m][49m)[38;5;241m.[39mfit()
[0;32m     16[0m train[[38;5;124m"[39m[38;5;124mfitted[39m[38;5;124m"[39m] [38;5;241m=[39m model_train[38;5;241m.[39mfittedvalues
[0;32m     18[0m [38;5;66;03m# Rolling Forecast[39;00m

File [1;32m~\miniconda3\envs\series_de_tiempo\lib\site-packages\pandas\core\frame.py:4102[0m, in [0;36mDataFrame.__getitem__[1;34m(self, key)[0m
[0;32m   4100[0m [38;5;28;01mif[39;00m [38;5;28mself[39m[38;5;241m.[39mcolumns[38;5;241m.[39mnlevels [38;5;241m>[39m [38;5;241m1[39m:
[0;32m   4101[0m     [38;5;28;01mreturn[39;00m [38;5;28mself[39m[38;5;241m.[39m_getitem_multilevel(key)
[1;32m-> 4102[0m indexer [38;5;241m=[39m [38;5;28;43mself[39;49m[38;5;241;43m.[39;49m[43mcolumns[49m[38;5;241;43m.[39;49m[43mget_loc[49m[43m([49m[43mkey[49m[43m)[49m
[0;32m   4103[0m [38;5;28;01mif[39;00m is_integer(indexer):
[0;32m   4104[0m     indexer [38;5;241m=[39m [indexer]

File [1;32m~\miniconda3\envs\series_de_tiempo\lib\site-packages\pandas\core\indexes\base.py:3812[0m, in [0;36mIndex.get_loc[1;34m(self, key)[0m
[0;32m   3807[0m     [38;5;28;01mif[39;00m [38;5;28misinstance[39m(casted_key, [38;5;28mslice[39m) [38;5;129;01mor[39;00m (
[0;32m   3808[0m         [38;5;28misinstance[39m(casted_key, abc[38;5;241m.[39mIterable)
[0;32m   3809[0m         [38;5;129;01mand[39;00m [38;5;28many[39m([38;5;28misinstance[39m(x, [38;5;28mslice[39m) [38;5;28;01mfor[39;00m x [38;5;129;01min[39;00m casted_key)
[0;32m   3810[0m     ):
[0;32m   3811[0m         [38;5;28;01mraise[39;00m InvalidIndexError(key)
[1;32m-> 3812[0m     [38;5;28;01mraise[39;00m [38;5;167;01mKeyError[39;00m(key) [38;5;28;01mfrom[39;00m[38;5;250m [39m[38;5;21;01merr[39;00m
[0;32m   3813[0m [38;5;28;01mexcept[39;00m [38;5;167;01mTypeError[39;00m:
[0;32m   3814[0m     [38;5;66;03m# If we have a listlike key, _check_indexing_error will raise[39;00m
[0;32m   3815[0m     [38;5;66;03m#  InvalidIndexError. Otherwise we fall through and re-raise[39;00m
[0;32m   3816[0m     [38;5;66;03m#  the TypeError.[39;00m
[0;32m   3817[0m     [38;5;28mself[39m[38;5;241m.[39m_check_indexing_error(key)

[1;31mKeyError[0m: 'Price'
KeyError: 'Price'

